{
    "accessibleText": "<escape me>: <escape me>",
    "icon": "<escape me>",
    "iconSpanWidth": 160,
    "iconWidth": 130,
    "label": "<escape me>",
    "labelColor": "<escape me>",
    "sbRectWidth": 1036,
    "sbTextStart": 210,
    "sbTextWidth": 776,
    "scale": 1,
    "message": "<escape me>",
    "messageColor": "16a34a",
    "stRectWidth": 876,
    "stTextWidth": 776,
    "width": 1912,
    "xlink": " xmlns:xlink=\"http:\/\/www.w3.org\/1999\/xlink\""
}